// Jest Snapshot v1, https://goo.gl/fbAQLP

exports[`should render ExpenseListItem with expenses data 1`] = `
<li
  className="listItem"
  id="1"
>
  <div>
    <Link
      className="listItemPiece"
      to="/edit/1"
    >
      <span>
        Gum
         
      </span>
    </Link>
    <span
      className="listItemPiece"
    >
       $
      1.95
       
    </span>
    <span
      className="listItemPiece"
    >
      Jan 1st, 1970
       
    </span>
    <span
      className="listItemPiece"
    >
       
    </span>
  </div>
  <button
    onClick={[Function]}
  >
     Remove
  </button>
</li>
`;
